// Jest Snapshot v1, https://goo.gl/fbAQLP

exports[`NavBar renders correctly 1`] = `
<h6
  class="MuiTypography-root makeStyles-title-3 MuiTypography-h6"
>
  My Lovely Test
</h6>
`;
