// Jest Snapshot v1, https://goo.gl/fbAQLP

exports[`App renders correctly 1`] = `
<div>
  <header
    class="MuiPaper-root MuiAppBar-root MuiAppBar-positionStatic MuiAppBar-colorPrimary MuiPaper-elevation4"
  >
    <div
      class="MuiToolbar-root MuiToolbar-regular MuiToolbar-gutters"
    >
      <button
        aria-label="menu"
        class="MuiButtonBase-root MuiIconButton-root makeStyles-menuButton-2 MuiIconButton-colorInherit MuiIconButton-edgeStart"
        tabindex="0"
        type="button"
      >
        <span
          class="MuiIconButton-label"
        >
          <svg
            aria-hidden="true"
            class="MuiSvgIcon-root"
            focusable="false"
            viewBox="0 0 24 24"
          >
            <path
              d="M3 18h18v-2H3v2zm0-5h18v-2H3v2zm0-7v2h18V6H3z"
            />
          </svg>
        </span>
        <span
          class="MuiTouchRipple-root"
        />
      </button>
      <h6
        class="MuiTypography-root makeStyles-title-3 MuiTypography-h6"
      >
        Pipeliner
      </h6>
      <button
        class="MuiButtonBase-root MuiButton-root MuiButton-text MuiButton-colorInherit"
        data-testid="signIn-dialog-button"
        tabindex="0"
        type="button"
      >
        <span
          class="MuiButton-label"
        >
          Sign In
        </span>
        <span
          class="MuiTouchRipple-root"
        />
      </button>
      <button
        class="MuiButtonBase-root MuiButton-root MuiButton-text MuiButton-colorInherit"
        data-testid="register-dialog-button"
        tabindex="0"
        type="button"
      >
        <span
          class="MuiButton-label"
        >
          Register
        </span>
        <span
          class="MuiTouchRipple-root"
        />
      </button>
    </div>
  </header>
</div>
`;
