// Jest Snapshot v1, https://goo.gl/fbAQLP

exports[`JobsList renders the specified Jobs 1`] = `
<div>
  <ul
    class="MuiList-root makeStyles-root-1 MuiList-padding"
  />
</div>
`;
